declare namespace Api {
  interface TypeWithEnum {
    anEnum: 'FirstEnum' | 'SecondEnum' | 'ThirdEnum';
  }
}

---
declare namespace Api {
  enum EnumType {
    FirstEnum = 'FirstEnum',
    SecondEnum = 'SecondEnum',
    ThirdEnum = 'ThirdEnum',
  }
}
